   3.3333333333333331e-01
   0.0000000000000000e+00
   0.0000000000000000e+00
 301    2    2
   6.6666666666666674e-01  -6.5314495954525504e-17
   6.6679020769136332e-01  -1.1169290604457127e-02
   6.6716068919606963e-01  -2.2333681988906565e-02
   6.6777768677129723e-01  -3.3488277082300580e-02
   6.6864049406246540e-01  -4.4628183110568397e-02
   6.6974812425834407e-01  -5.5748513742748661e-02
   6.7109931216807683e-01  -6.6844391234295752e-02
   6.7269251688002307e-01  -7.7910948566619689e-02
   6.7452592499378006e-01  -8.8943331581921151e-02
   6.7659745441490782e-01  -9.9936701112386450e-02
   6.7890475870008338e-01  -1.1088623510280497e-01
   6.8144523193868189e-01  -1.2178713072568308e-01
   6.8421601415509925e-01  -1.3263460648792258e-01
   6.8721399721453524e-01  -1.4342390432814175e-01
   6.9043583121342622e-01  -1.5415029170371822e-01
   6.9387793133427422e-01  -1.6480906366663869e-01
   6.9753648514326649e-01  -1.7539554492724449e-01
   7.0140746030781997e-01  -1.8590509190496818e-01
   7.0548661271002733e-01  -1.9633309476516170e-01
   7.0976949493092489e-01  -2.0667497944112170e-01
   7.1425146507955417e-01  -2.1692620964042689e-01
   7.1892769593995398e-01  -2.2708228883470558e-01
   7.2379318440849294e-01  -2.3713876223196126e-01
   7.2884276119334390e-01  -2.4709121873059289e-01
   7.3407110074740833e-01  -2.5693529285424815e-01
   7.3947273140562131e-01  -2.6666666666666689e-01
   7.4504204569730725e-01  -2.7628107166566945e-01
   7.5077331080411225e-01  -2.8577429065546489e-01
   7.5666067913400914e-01  -2.9514215959645024e-01
   7.6269819898195268e-01  -3.0438056943169695e-01
   7.6887982524795917e-01  -3.1348546788931908e-01
   7.7519943018368231e-01  -3.2245286125993333e-01
   7.8165081413896498e-01  -3.3127881614843230e-01
   7.8822771628035082e-01  -3.3995946119930126e-01
   7.9492382525414396e-01  -3.4849098879472301e-01
   8.0173278976729401e-01  -3.5686965672472426e-01
   8.0864822906017053e-01  -3.6509178982863405e-01
   8.1566374324614210e-01  -3.7315378160712820e-01
   8.2277292349382436e-01  -3.8105209580416183e-01
   8.2996936202885208e-01  -3.8878326795808610e-01
   8.3724666193311370e-01  -3.9634390692127691e-01
   8.4459844672050277e-01  -4.0373069634760345e-01
   8.5201836966942246e-01  -4.1094039614708766e-01
   8.5950012289349986e-01  -4.1796984390711461e-01
   8.6703744613322353e-01  -4.2481595627957142e-01
   8.7462413525251048e-01  -4.3147573033330539e-01
   8.8225405042552207e-01  -4.3794624487130890e-01
   8.8992112400037970e-01  -4.4422466171205310e-01
   8.9761936802777831e-01  -4.5030822693440814e-01
   9.0534288144384500e-01  -4.5619427208560359e-01
   9.1308585689794042e-01  -4.6188021535170071e-01
   9.2084258721744350e-01  -4.6736356269006069e-01
   9.2860747150289524e-01  -4.7264190892331448e-01
   9.3637502084818991e-01  -4.7771293879435367e-01
   9.4413986368179414e-01  -4.8257442798187711e-01
   9.5189675072624880e-01  -4.8722424407605391e-01
   9.5964055957442818e-01  -4.9166034751386700e-01
   9.6736629888224857e-01  -4.9588079247373412e-01
   9.7506911217866299e-01  -4.9988372772900885e-01
   9.8274428129490488e-01  -5.0366739745999001e-01
   9.9038722941601010e-01  -5.0723014202408201e-01
   9.9799352375867201e-01  -5.1057039868376919e-01
   1.0055588778804527e+00  -5.1368670229208446e-01
   1.0130791536262906e+00  -5.1657768593526998e-01
   1.0205503627191090e+00  -5.1924208153235218e-01
   1.0279686680021363e+00  -5.2167872039136309e-01
   1.0353303843412902e+00  -5.2388653372196736e-01
   1.0426319791966774e+00  -5.2586455310426938e-01
   1.0498700728728814e+00  -5.2761191091359383e-01
   1.0570414384582898e+00  -5.2912784070105490e-01
   1.0641430014642206e+00  -5.3041167752974572e-01
   1.0711718391750626e+00  -5.3146285826640238e-01
   1.0781251797210383e+00  -5.3228092182841158e-01
   1.0850004008855452e+00  -5.3286550938605781e-01
   1.0917950286593041e+00  -5.3321636451991761e-01
   1.0985067355537799e+00  -5.3333333333333333e-01
   1.1051333386865114e+00  -5.3321636451991761e-01
   1.1116727976511187e+00  -5.3286550938605781e-01
   1.1181232121848235e+00  -5.3228092182841158e-01
   1.1244828196463548e+00  -5.3146285826640238e-01
   1.1307499923170887e+00  -5.3041167752974572e-01
   1.1369232345382201e+00  -5.2912784070105490e-01
   1.1430011796966537e+00  -5.2761191091359383e-01
   1.1489825870721755e+00  -5.2586455310426927e-01
   1.1548663385582802e+00  -5.2388653372196725e-01
   1.1606514352688380e+00  -5.2167872039136298e-01
   1.1663369940425268e+00  -5.1924208153235218e-01
   1.1719222438567154e+00  -5.1657768593526987e-01
   1.1774065221621661e+00  -5.1368670229208446e-01
   1.1827892711496326e+00  -5.1057039868376919e-01
   1.1880700339590777e+00  -5.0723014202408190e-01
   1.1932484508418972e+00  -5.0366739745998990e-01
   1.1983242552861506e+00  -4.9988372772900885e-01
   1.2032972701144322e+00  -4.9588079247373412e-01
   1.2081674035636125e+00  -4.9166034751386700e-01
   1.2129346453552814e+00  -4.8722424407605386e-01
   1.2175990627653119e+00  -4.8257442798187711e-01
   1.2221607967005499e+00  -4.7771293879435356e-01
   1.2266200577902180e+00  -4.7264190892331454e-01
   1.2309771224992001e+00  -4.6736356269006052e-01
   1.2352323292699547e+00  -4.6188021535170054e-01
   1.2393860746993921e+00  -4.5619427208560359e-01
   1.2434388097566309e+00  -4.5030822693440808e-01
   1.2473910360471467e+00  -4.4422466171205310e-01
   1.2512433021284219e+00  -4.3794624487130890e-01
   1.2549961998818100e+00  -4.3147573033330539e-01
   1.2586503609449462e+00  -4.2481595627957142e-01
   1.2622064532086563e+00  -4.1796984390711450e-01
   1.2656651773819523e+00  -4.1094039614708761e-01
   1.2690272636283491e+00  -4.0373069634760356e-01
   1.2722934682763991e+00  -3.9634390692127686e-01
   1.2754645706070016e+00  -3.8878326795808610e-01
   1.2785413697197441e+00  -3.8105209580416172e-01
   1.2815246814802173e+00  -3.7315378160712825e-01
   1.2844153355499657e+00  -3.6509178982863405e-01
   1.2872141725004596e+00  -3.5686965672472426e-01
   1.2899220410122179e+00  -3.4849098879472296e-01
   1.2925397951599678e+00  -3.3995946119930126e-01
   1.2950682917844951e+00  -3.3127881614843224e-01
   1.2975083879516305e+00  -3.2245286125993328e-01
   1.2998609384986171e+00  -3.1348546788931902e-01
   1.3021267936679184e+00  -3.0438056943169683e-01
   1.3043067968283615e+00  -2.9514215959645013e-01
   1.3064017822833496e+00  -2.8577429065546484e-01
   1.3084125731657485e+00  -2.7628107166566940e-01
   1.3103399794189117e+00  -2.6666666666666677e-01
   1.3121847958632107e+00  -2.5693529285424804e-01
   1.3139478003473286e+00  -2.4709121873059281e-01
   1.3156297519834967e+00  -2.3713876223196143e-01
   1.3172313894657732e+00  -2.2708228883470549e-01
   1.3187534294704131e+00  -2.1692620964042686e-01
   1.3201965651373195e+00  -2.0667497944112143e-01
   1.3215614646315383e+00  -1.9633309476516161e-01
   1.3228487697837261e+00  -1.8590509190496815e-01
   1.3240590948085083e+00  -1.7539554492724441e-01
   1.3251930250996418e+00  -1.6480906366663861e-01
   1.3262511161008945e+00  -1.5415029170371816e-01
   1.3272338922515743e+00  -1.4342390432814170e-01
   1.3281418460056547e+00  -1.3263460648792250e-01
   1.3289754369234834e+00  -1.2178713072568299e-01
   1.3297350908350887e+00  -1.1088623510280514e-01
   1.3304211990741472e+00  -9.9936701112386603e-02
   1.3310341177817304e+00  -8.8943331581921095e-02
   1.3315741672789956e+00  -7.7910948566619398e-02
   1.3320416315080625e+00  -6.6844391234295697e-02
   1.3324367575403691e+00  -5.5748513742748591e-02
   1.3327597551518853e+00  -4.4628183110568327e-02
   1.3330107964646307e+00  -3.3488277082300275e-02
   1.3331900156540255e+00  -2.2333681988906503e-02
   1.3332975087216816e+00  -1.1169290604457061e-02
   1.3333333333333333e+00   0.0000000000000000e+00
   1.3332975087216816e+00   1.1169290604457061e-02
   1.3331900156540255e+00   2.2333681988906260e-02
   1.3330107964646307e+00   3.3488277082300510e-02
   1.3327597551518853e+00   4.4628183110568327e-02
   1.3324367575403691e+00   5.5748513742748591e-02
   1.3320416315080625e+00   6.6844391234295461e-02
   1.3315741672789956e+00   7.7910948566619398e-02
   1.3310341177817302e+00   8.8943331581921345e-02
   1.3304211990741472e+00   9.9936701112386603e-02
   1.3297350908350887e+00   1.1088623510280489e-01
   1.3289754369234834e+00   1.2178713072568299e-01
   1.3281418460056547e+00   1.3263460648792250e-01
   1.3272338922515743e+00   1.4342390432814170e-01
   1.3262511161008945e+00   1.5415029170371794e-01
   1.3251930250996418e+00   1.6480906366663842e-01
   1.3240590948085083e+00   1.7539554492724463e-01
   1.3228487697837261e+00   1.8590509190496815e-01
   1.3215614646315383e+00   1.9633309476516161e-01
   1.3201965651373193e+00   2.0667497944112165e-01
   1.3187534294704131e+00   2.1692620964042686e-01
   1.3172313894657732e+00   2.2708228883470549e-01
   1.3156297519834967e+00   2.3713876223196120e-01
   1.3139478003473286e+00   2.4709121873059281e-01
   1.3121847958632107e+00   2.5693529285424804e-01
   1.3103399794189117e+00   2.6666666666666661e-01
   1.3084125731657485e+00   2.7628107166566923e-01
   1.3064017822833496e+00   2.8577429065546500e-01
   1.3043067968283613e+00   2.9514215959645035e-01
   1.3021267936679184e+00   3.0438056943169683e-01
   1.2998609384986171e+00   3.1348546788931902e-01
   1.2975083879516305e+00   3.2245286125993328e-01
   1.2950682917844951e+00   3.3127881614843224e-01
   1.2925397951599678e+00   3.3995946119930126e-01
   1.2899220410122179e+00   3.4849098879472273e-01
   1.2872141725004596e+00   3.5686965672472426e-01
   1.2844153355499659e+00   3.6509178982863388e-01
   1.2815246814802173e+00   3.7315378160712825e-01
   1.2785413697197441e+00   3.8105209580416194e-01
   1.2754645706070016e+00   3.8878326795808626e-01
   1.2722934682763989e+00   3.9634390692127702e-01
   1.2690272636283493e+00   4.0373069634760334e-01
   1.2656651773819521e+00   4.1094039614708772e-01
   1.2622064532086563e+00   4.1796984390711450e-01
   1.2586503609449462e+00   4.2481595627957125e-01
   1.2549961998818100e+00   4.3147573033330539e-01
   1.2512433021284219e+00   4.3794624487130873e-01
   1.2473910360471467e+00   4.4422466171205310e-01
   1.2434388097566307e+00   4.5030822693440825e-01
   1.2393860746993921e+00   4.5619427208560359e-01
   1.2352323292699545e+00   4.6188021535170076e-01
   1.2309771224992001e+00   4.6736356269006069e-01
   1.2266200577902182e+00   4.7264190892331448e-01
   1.2221607967005499e+00   4.7771293879435356e-01
   1.2175990627653119e+00   4.8257442798187711e-01
   1.2129346453552814e+00   4.8722424407605369e-01
   1.2081674035636125e+00   4.9166034751386700e-01
   1.2032972701144322e+00   4.9588079247373401e-01
   1.1983242552861506e+00   4.9988372772900885e-01
   1.1932484508418972e+00   5.0366739745999001e-01
   1.1880700339590777e+00   5.0723014202408190e-01
   1.1827892711496324e+00   5.1057039868376930e-01
   1.1774065221621661e+00   5.1368670229208446e-01
   1.1719222438567156e+00   5.1657768593526987e-01
   1.1663369940425268e+00   5.1924208153235218e-01
   1.1606514352688380e+00   5.2167872039136298e-01
   1.1548663385582802e+00   5.2388653372196736e-01
   1.1489825870721755e+00   5.2586455310426927e-01
   1.1430011796966539e+00   5.2761191091359372e-01
   1.1369232345382199e+00   5.2912784070105490e-01
   1.1307499923170885e+00   5.3041167752974583e-01
   1.1244828196463548e+00   5.3146285826640238e-01
   1.1181232121848235e+00   5.3228092182841158e-01
   1.1116727976511187e+00   5.3286550938605781e-01
   1.1051333386865112e+00   5.3321636451991761e-01
   1.0985067355537799e+00   5.3333333333333333e-01
   1.0917950286593043e+00   5.3321636451991761e-01
   1.0850004008855452e+00   5.3286550938605781e-01
   1.0781251797210383e+00   5.3228092182841158e-01
   1.0711718391750629e+00   5.3146285826640238e-01
   1.0641430014642206e+00   5.3041167752974572e-01
   1.0570414384582896e+00   5.2912784070105479e-01
   1.0498700728728814e+00   5.2761191091359383e-01
   1.0426319791966774e+00   5.2586455310426927e-01
   1.0353303843412904e+00   5.2388653372196736e-01
   1.0279686680021363e+00   5.2167872039136298e-01
   1.0205503627191090e+00   5.1924208153235218e-01
   1.0130791536262906e+00   5.1657768593527009e-01
   1.0055588778804527e+00   5.1368670229208446e-01
   9.9799352375867223e-01   5.1057039868376941e-01
   9.9038722941601010e-01   5.0723014202408201e-01
   9.8274428129490465e-01   5.0366739745998979e-01
   9.7506911217866299e-01   4.9988372772900885e-01
   9.6736629888224834e-01   4.9588079247373401e-01
   9.5964055957442806e-01   4.9166034751386700e-01
   9.5189675072624891e-01   4.8722424407605391e-01
   9.4413986368179414e-01   4.8257442798187711e-01
   9.3637502084818991e-01   4.7771293879435367e-01
   9.2860747150289524e-01   4.7264190892331448e-01
   9.2084258721744350e-01   4.6736356269006069e-01
   9.1308585689794064e-01   4.6188021535170082e-01
   9.0534288144384478e-01   4.5619427208560337e-01
   8.9761936802777820e-01   4.5030822693440803e-01
   8.8992112400037970e-01   4.4422466171205310e-01
   8.8225405042552196e-01   4.3794624487130873e-01
   8.7462413525251048e-01   4.3147573033330539e-01
   8.6703744613322364e-01   4.2481595627957153e-01
   8.5950012289349986e-01   4.1796984390711461e-01
   8.5201836966942268e-01   4.1094039614708772e-01
   8.4459844672050277e-01   4.0373069634760345e-01
   8.3724666193311381e-01   3.9634390692127708e-01
   8.2996936202885230e-01   3.8878326795808649e-01
   8.2277292349382414e-01   3.8105209580416161e-01
   8.1566374324614210e-01   3.7315378160712820e-01
   8.0864822906017053e-01   3.6509178982863405e-01
   8.0173278976729401e-01   3.5686965672472426e-01
   7.9492382525414396e-01   3.4849098879472301e-01
   7.8822771628035071e-01   3.3995946119930109e-01
   7.8165081413896498e-01   3.3127881614843230e-01
   7.7519943018368243e-01   3.2245286125993350e-01
   7.6887982524795917e-01   3.1348546788931908e-01
   7.6269819898195279e-01   3.0438056943169717e-01
   7.5666067913400914e-01   2.9514215959645024e-01
   7.5077331080411214e-01   2.8577429065546467e-01
   7.4504204569730725e-01   2.7628107166566945e-01
   7.3947273140562120e-01   2.6666666666666644e-01
   7.3407110074740833e-01   2.5693529285424815e-01
   7.2884276119334412e-01   2.4709121873059312e-01
   7.2379318440849294e-01   2.3713876223196126e-01
   7.1892769593995398e-01   2.2708228883470558e-01
   7.1425146507955417e-01   2.1692620964042711e-01
   7.0976949493092489e-01   2.0667497944112170e-01
   7.0548661271002744e-01   1.9633309476516189e-01
   7.0140746030781997e-01   1.8590509190496818e-01
   6.9753648514326638e-01   1.7539554492724427e-01
   6.9387793133427422e-01   1.6480906366663869e-01
   6.9043583121342622e-01   1.5415029170371800e-01
   6.8721399721453524e-01   1.4342390432814175e-01
   6.8421601415509925e-01   1.3263460648792280e-01
   6.8144523193868189e-01   1.2178713072568308e-01
   6.7890475870008338e-01   1.1088623510280519e-01
   6.7659745441490782e-01   9.9936701112386450e-02
   6.7452592499378028e-01   8.8943331581921400e-02
   6.7269251688002307e-01   7.7910948566619939e-02
   6.7109931216807683e-01   6.6844391234295281e-02
   6.6974812425834407e-01   5.5748513742748425e-02
   6.6864049406246540e-01   4.4628183110568397e-02
   6.6777768677129723e-01   3.3488277082300344e-02
   6.6716068919606963e-01   2.2333681988906565e-02
   6.6679020769136332e-01   1.1169290604456887e-02
   6.6666666666666674e-01   6.5314495954525504e-17
   6.0000000000000009e-01  -7.8377395145430604e-17
   6.0014824922963594e-01  -1.3403148725348552e-02
   6.0059282703528361e-01  -2.6800418386687879e-02
   6.0133322412555668e-01  -4.0185932498760693e-02
   6.0236859287495848e-01  -5.3553819732682077e-02
   6.0369774911001284e-01  -6.6898216491298387e-02
   6.0531917460169216e-01  -8.0213269481154897e-02
   6.0723102025602771e-01  -9.3493138279943627e-02
   6.0943110999253602e-01  -1.0673199789830538e-01
   6.1191694529788943e-01  -1.1992404133486373e-01
   6.1468571044010001e-01  -1.3306348212336597e-01
   6.1773427832641836e-01  -1.4614455687081968e-01
   6.2105921698611910e-01  -1.5916152778550710e-01
   6.2465679665744234e-01  -1.7210868519377009e-01
   6.2852299745611151e-01  -1.8498035004446187e-01
   6.3265351760112909e-01  -1.9777087639996643e-01
   6.3704378217191981e-01  -2.1047465391269338e-01
   6.4168895236938406e-01  -2.2308611028596181e-01
   6.4658393525203284e-01  -2.3559971371819402e-01
   6.5172339391710987e-01  -2.4800997532934604e-01
   6.5710175809546501e-01  -2.6031145156851226e-01
   6.6271323512794478e-01  -2.7249874660164669e-01
   6.6855182129019153e-01  -2.8456651467835348e-01
   6.7461131343201264e-01  -2.9650946247671145e-01
   6.8088532089689002e-01  -3.0832235142509778e-01
   6.8736727768674566e-01  -3.2000000000000023e-01
   6.9405045483676875e-01  -3.3153728599880333e-01
   7.0092797296493470e-01  -3.4292914878655784e-01
   7.0799281496081101e-01  -3.5417059151574026e-01
   7.1523783877834324e-01  -3.6525668331803635e-01
   7.2265579029755100e-01  -3.7618256146718287e-01
   7.3023931622041882e-01  -3.8694343351192001e-01
   7.3798097696675802e-01  -3.9753457937811876e-01
   7.4587325953642103e-01  -4.0795135343916150e-01
   7.5390859030497270e-01  -4.1818918655366760e-01
   7.6207934772075281e-01  -4.2824358806966911e-01
   7.7037787487220466e-01  -4.3811014779436086e-01
   7.7879649189537048e-01  -4.4778453792855383e-01
   7.8732750819258923e-01  -4.5726251496499415e-01
   7.9596323443462247e-01  -4.6653992154970331e-01
   8.0469599431973649e-01  -4.7561268830553227e-01
   8.1351813606460333e-01  -4.8447683561712412e-01
   8.2242204360330695e-01  -4.9312847537650517e-01
   8.3140014747219981e-01  -5.0156381268853756e-01
   8.4044493535986819e-01  -5.0977914753548570e-01
   8.4954896230301258e-01  -5.1777087639996644e-01
   8.5870486051062644e-01  -5.2553549384557063e-01
   8.6790534880045567e-01  -5.3306959405446375e-01
   8.7714324163333401e-01  -5.4036987232128975e-01
   8.8641145773261398e-01  -5.4743312650272424e-01
   8.9570302827752846e-01  -5.5425625842204085e-01
   9.0501110466093215e-01  -5.6083627522807278e-01
   9.1432896580347434e-01  -5.6717029070797731e-01
   9.2365002501782789e-01  -5.7325552655322443e-01
   9.3296783641815295e-01  -5.7908931357825255e-01
   9.4227610087149860e-01  -5.8466909289126467e-01
   9.5156867148931379e-01  -5.8999241701664040e-01
   9.6083955865869830e-01  -5.9505695096848088e-01
   9.7008293461439554e-01  -5.9986047327481062e-01
   9.7929313755388581e-01  -6.0440087695198796e-01
   9.8846467529921211e-01  -6.0867617042889843e-01
   9.9759222851040641e-01  -6.1268447842052298e-01
   1.0066706534565433e+00  -6.1642404275050133e-01
   1.0156949843515488e+00  -6.1989322312232398e-01
   1.0246604352629309e+00  -6.2309049783882264e-01
   1.0335624016025635e+00  -6.2601446446963571e-01
   1.0423964612095482e+00  -6.2866384046636081e-01
   1.0511583750360129e+00  -6.3103746372512326e-01
   1.0598440874474577e+00  -6.3313429309631253e-01
   1.0684497261499477e+00  -6.3495340884126583e-01
   1.0769716017570647e+00  -6.3649401303569486e-01
   1.0854062070100752e+00  -6.3775542991968281e-01
   1.0937502156652459e+00  -6.3873710619409385e-01
   1.1020004810626542e+00  -6.3943861126326940e-01
   1.1101540343911649e+00  -6.3985963742390106e-01
   1.1182080826645358e+00  -6.4000000000000001e-01
   1.1261600064238138e+00  -6.3985963742390106e-01
   1.1340073571813425e+00  -6.3943861126326940e-01
   1.1417478546217881e+00  -6.3873710619409385e-01
   1.1493793835756256e+00  -6.3775542991968281e-01
   1.1568999907805064e+00  -6.3649401303569486e-01
   1.1643078814458641e+00  -6.3495340884126583e-01
   1.1716014156359844e+00  -6.3313429309631253e-01
   1.1787791044866105e+00  -6.3103746372512315e-01
   1.1858396062699363e+00  -6.2866384046636070e-01
   1.1927817223226056e+00  -6.2601446446963560e-01
   1.1996043928510320e+00  -6.2309049783882264e-01
   1.2063066926280586e+00  -6.1989322312232387e-01
   1.2128878265945993e+00  -6.1642404275050133e-01
   1.2193471253795591e+00  -6.1268447842052298e-01
   1.2256840407508933e+00  -6.0867617042889821e-01
   1.2318981410102767e+00  -6.0440087695198785e-01
   1.2379891063433808e+00  -5.9986047327481062e-01
   1.2439567241373186e+00  -5.9505695096848088e-01
   1.2498008842763351e+00  -5.8999241701664040e-01
   1.2555215744263377e+00  -5.8466909289126456e-01
   1.2611188753183744e+00  -5.7908931357825255e-01
   1.2665929560406599e+00  -5.7325552655322420e-01
   1.2719440693482615e+00  -5.6717029070797742e-01
   1.2771725469990400e+00  -5.6083627522807256e-01
   1.2822787951239456e+00  -5.5425625842204063e-01
   1.2872632896392706e+00  -5.4743312650272424e-01
   1.2921265717079571e+00  -5.4036987232128963e-01
   1.2968692432565760e+00  -5.3306959405446375e-01
   1.3014919625541064e+00  -5.2553549384557063e-01
   1.3059954398581719e+00  -5.1777087639996644e-01
   1.3103804331339355e+00  -5.0977914753548570e-01
   1.3146477438503876e+00  -5.0156381268853734e-01
   1.3187982128583426e+00  -4.9312847537650512e-01
   1.3228327163540188e+00  -4.8447683561712424e-01
   1.3267521619316789e+00  -4.7561268830553222e-01
   1.3305574847284019e+00  -4.6653992154970331e-01
   1.3342496436636928e+00  -4.5726251496499404e-01
   1.3378296177762607e+00  -4.4778453792855388e-01
   1.3412984026599588e+00  -4.3811014779436086e-01
   1.3446570070005515e+00  -4.2824358806966911e-01
   1.3479064492146615e+00  -4.1818918655366755e-01
   1.3510477541919612e+00  -4.0795135343916150e-01
   1.3540819501413941e+00  -3.9753457937811870e-01
   1.3570100655419566e+00  -3.8694343351191990e-01
   1.3598331261983405e+00  -3.7618256146718282e-01
   1.3625521524015021e+00  -3.6525668331803618e-01
   1.3651681561940339e+00  -3.5417059151574015e-01
   1.3676821387400195e+00  -3.4292914878655778e-01
   1.3700950877988982e+00  -3.3153728599880328e-01
   1.3724079753026941e+00  -3.2000000000000012e-01
   1.3746217550358528e+00  -3.0832235142509762e-01
   1.3767373604167943e+00  -2.9650946247671134e-01
   1.3787557023801962e+00  -2.8456651467835370e-01
   1.3806776673589278e+00  -2.7249874660164658e-01
   1.3825041153644957e+00  -2.6031145156851221e-01
   1.3842358781647834e+00  -2.4800997532934571e-01
   1.3858737575578459e+00  -2.3559971371819394e-01
   1.3874185237404713e+00  -2.2308611028596179e-01
   1.3888709137702100e+00  -2.1047465391269329e-01
   1.3902316301195701e+00  -1.9777087639996632e-01
   1.3915013393210733e+00  -1.8498035004446178e-01
   1.3926806707018891e+00  -1.7210868519377004e-01
   1.3937702152067857e+00  -1.5916152778550699e-01
   1.3947705243081800e+00  -1.4614455687081959e-01
   1.3956821090021063e+00  -1.3306348212336616e-01
   1.3965054388889766e+00  -1.1992404133486392e-01
   1.3972409413380764e+00  -1.0673199789830531e-01
   1.3978890007347946e+00  -9.3493138279943280e-02
   1.3984499578096750e+00  -8.0213269481154828e-02
   1.3989241090484428e+00  -6.6898216491298304e-02
   1.3993117061822624e+00  -5.3553819732681994e-02
   1.3996129557575570e+00  -4.0185932498760325e-02
   1.3998280187848307e+00  -2.6800418386687803e-02
   1.3999570104660179e+00  -1.3403148725348472e-02
   1.3999999999999999e+00   0.0000000000000000e+00
   1.3999570104660179e+00   1.3403148725348472e-02
   1.3998280187848307e+00   2.6800418386687511e-02
   1.3996129557575570e+00   4.0185932498760610e-02
   1.3993117061822624e+00   5.3553819732681994e-02
   1.3989241090484428e+00   6.6898216491298304e-02
   1.3984499578096750e+00   8.0213269481154550e-02
   1.3978890007347946e+00   9.3493138279943280e-02
   1.3972409413380762e+00   1.0673199789830561e-01
   1.3965054388889766e+00   1.1992404133486392e-01
   1.3956821090021063e+00   1.3306348212336586e-01
   1.3947705243081800e+00   1.4614455687081959e-01
   1.3937702152067857e+00   1.5916152778550699e-01
   1.3926806707018891e+00   1.7210868519377004e-01
   1.3915013393210733e+00   1.8498035004446153e-01
   1.3902316301195701e+00   1.9777087639996610e-01
   1.3888709137702100e+00   2.1047465391269354e-01
   1.3874185237404713e+00   2.2308611028596179e-01
   1.3858737575578459e+00   2.3559971371819394e-01
   1.3842358781647832e+00   2.4800997532934596e-01
   1.3825041153644957e+00   2.6031145156851221e-01
   1.3806776673589278e+00   2.7249874660164658e-01
   1.3787557023801962e+00   2.8456651467835342e-01
   1.3767373604167943e+00   2.9650946247671134e-01
   1.3746217550358528e+00   3.0832235142509762e-01
   1.3724079753026941e+00   3.1999999999999990e-01
   1.3700950877988982e+00   3.3153728599880306e-01
   1.3676821387400195e+00   3.4292914878655800e-01
   1.3651681561940334e+00   3.5417059151574043e-01
   1.3625521524015021e+00   3.6525668331803618e-01
   1.3598331261983405e+00   3.7618256146718282e-01
   1.3570100655419566e+00   3.8694343351191990e-01
   1.3540819501413941e+00   3.9753457937811870e-01
   1.3510477541919612e+00   4.0795135343916150e-01
   1.3479064492146615e+00   4.1818918655366727e-01
   1.3446570070005515e+00   4.2824358806966911e-01
   1.3412984026599590e+00   4.3811014779436064e-01
   1.3378296177762607e+00   4.4778453792855388e-01
   1.3342496436636928e+00   4.5726251496499432e-01
   1.3305574847284019e+00   4.6653992154970347e-01
   1.3267521619316787e+00   4.7561268830553238e-01
   1.3228327163540192e+00   4.8447683561712396e-01
   1.3187982128583424e+00   4.9312847537650523e-01
   1.3146477438503876e+00   5.0156381268853734e-01
   1.3103804331339355e+00   5.0977914753548548e-01
   1.3059954398581719e+00   5.1777087639996644e-01
   1.3014919625541064e+00   5.2553549384557041e-01
   1.2968692432565760e+00   5.3306959405446375e-01
   1.2921265717079569e+00   5.4036987232128986e-01
   1.2872632896392706e+00   5.4743312650272424e-01
   1.2822787951239454e+00   5.5425625842204085e-01
   1.2771725469990400e+00   5.6083627522807278e-01
   1.2719440693482618e+00   5.6717029070797731e-01
   1.2665929560406599e+00   5.7325552655322420e-01
   1.2611188753183744e+00   5.7908931357825255e-01
   1.2555215744263377e+00   5.8466909289126445e-01
   1.2498008842763351e+00   5.8999241701664040e-01
   1.2439567241373186e+00   5.9505695096848077e-01
   1.2379891063433808e+00   5.9986047327481062e-01
   1.2318981410102767e+00   6.0440087695198796e-01
   1.2256840407508933e+00   6.0867617042889821e-01
   1.2193471253795589e+00   6.1268447842052309e-01
   1.2128878265945993e+00   6.1642404275050133e-01
   1.2063066926280588e+00   6.1989322312232387e-01
   1.1996043928510320e+00   6.2309049783882264e-01
   1.1927817223226056e+00   6.2601446446963560e-01
   1.1858396062699363e+00   6.2866384046636081e-01
   1.1787791044866105e+00   6.3103746372512315e-01
   1.1716014156359846e+00   6.3313429309631242e-01
   1.1643078814458638e+00   6.3495340884126583e-01
   1.1568999907805062e+00   6.3649401303569497e-01
   1.1493793835756256e+00   6.3775542991968281e-01
   1.1417478546217881e+00   6.3873710619409385e-01
   1.1340073571813425e+00   6.3943861126326940e-01
   1.1261600064238135e+00   6.3985963742390106e-01
   1.1182080826645358e+00   6.4000000000000001e-01
   1.1101540343911651e+00   6.3985963742390106e-01
   1.1020004810626542e+00   6.3943861126326940e-01
   1.0937502156652459e+00   6.3873710619409385e-01
   1.0854062070100754e+00   6.3775542991968281e-01
   1.0769716017570647e+00   6.3649401303569486e-01
   1.0684497261499475e+00   6.3495340884126572e-01
   1.0598440874474577e+00   6.3313429309631253e-01
   1.0511583750360129e+00   6.3103746372512315e-01
   1.0423964612095484e+00   6.2866384046636081e-01
   1.0335624016025635e+00   6.2601446446963560e-01
   1.0246604352629309e+00   6.2309049783882264e-01
   1.0156949843515488e+00   6.1989322312232409e-01
   1.0066706534565433e+00   6.1642404275050133e-01
   9.9759222851040663e-01   6.1268447842052332e-01
   9.8846467529921211e-01   6.0867617042889843e-01
   9.7929313755388558e-01   6.0440087695198774e-01
   9.7008293461439554e-01   5.9986047327481062e-01
   9.6083955865869797e-01   5.9505695096848077e-01
   9.5156867148931368e-01   5.8999241701664040e-01
   9.4227610087149871e-01   5.8466909289126467e-01
   9.3296783641815295e-01   5.7908931357825255e-01
   9.2365002501782789e-01   5.7325552655322443e-01
   9.1432896580347434e-01   5.6717029070797731e-01
   9.0501110466093215e-01   5.6083627522807278e-01
   8.9570302827752879e-01   5.5425625842204096e-01
   8.8641145773261376e-01   5.4743312650272402e-01
   8.7714324163333379e-01   5.4036987232128963e-01
   8.6790534880045567e-01   5.3306959405446375e-01
   8.5870486051062633e-01   5.2553549384557041e-01
   8.4954896230301258e-01   5.1777087639996644e-01
   8.4044493535986842e-01   5.0977914753548581e-01
   8.3140014747219981e-01   5.0156381268853756e-01
   8.2242204360330717e-01   4.9312847537650523e-01
   8.1351813606460333e-01   4.8447683561712412e-01
   8.0469599431973660e-01   4.7561268830553249e-01
   7.9596323443462280e-01   4.6653992154970375e-01
   7.8732750819258901e-01   4.5726251496499393e-01
   7.7879649189537048e-01   4.4778453792855383e-01
   7.7037787487220466e-01   4.3811014779436086e-01
   7.6207934772075281e-01   4.2824358806966911e-01
   7.5390859030497270e-01   4.1818918655366760e-01
   7.4587325953642081e-01   4.0795135343916128e-01
   7.3798097696675802e-01   3.9753457937811876e-01
   7.3023931622041893e-01   3.8694343351192018e-01
   7.2265579029755100e-01   3.7618256146718287e-01
   7.1523783877834335e-01   3.6525668331803657e-01
   7.0799281496081101e-01   3.5417059151574026e-01
   7.0092797296493459e-01   3.4292914878655761e-01
   6.9405045483676875e-01   3.3153728599880333e-01
   6.8736727768674544e-01   3.1999999999999973e-01
   6.8088532089689002e-01   3.0832235142509778e-01
   6.7461131343201297e-01   2.9650946247671173e-01
   6.6855182129019153e-01   2.8456651467835348e-01
   6.6271323512794478e-01   2.7249874660164669e-01
   6.5710175809546501e-01   2.6031145156851254e-01
   6.5172339391710987e-01   2.4800997532934604e-01
   6.4658393525203295e-01   2.3559971371819427e-01
   6.4168895236938406e-01   2.2308611028596181e-01
   6.3704378217191970e-01   2.1047465391269313e-01
   6.3265351760112909e-01   1.9777087639996643e-01
   6.2852299745611151e-01   1.8498035004446159e-01
   6.2465679665744234e-01   1.7210868519377009e-01
   6.2105921698611910e-01   1.5916152778550735e-01
   6.1773427832641836e-01   1.4614455687081968e-01
   6.1468571044010001e-01   1.3306348212336622e-01
   6.1191694529788943e-01   1.1992404133486373e-01
   6.0943110999253636e-01   1.0673199789830567e-01
   6.0723102025602771e-01   9.3493138279943919e-02
   6.0531917460169216e-01   8.0213269481154328e-02
   6.0369774911001284e-01   6.6898216491298110e-02
   6.0236859287495848e-01   5.3553819732682077e-02
   6.0133322412555668e-01   4.0185932498760409e-02
   6.0059282703528361e-01   2.6800418386687879e-02
   6.0014824922963594e-01   1.3403148725348264e-02
   6.0000000000000009e-01   7.8377395145430604e-17
 201
    2
   0.0000000000000000e+00
   5.0000000000000001e-03
   1.0000000000000000e-02
   1.4999999999999999e-02
   2.0000000000000000e-02
   2.5000000000000001e-02
   2.9999999999999999e-02
   3.5000000000000003e-02
   4.0000000000000001e-02
   4.4999999999999998e-02
   5.0000000000000003e-02
   5.5000000000000000e-02
   5.9999999999999998e-02
   6.5000000000000002e-02
   7.0000000000000007e-02
   7.4999999999999997e-02
   8.0000000000000002e-02
   8.5000000000000006e-02
   8.9999999999999997e-02
   9.5000000000000001e-02
   1.0000000000000001e-01
   1.0500000000000000e-01
   1.1000000000000000e-01
   1.1500000000000000e-01
   1.2000000000000000e-01
   1.2500000000000000e-01
   1.3000000000000000e-01
   1.3500000000000001e-01
   1.4000000000000001e-01
   1.4499999999999999e-01
   1.4999999999999999e-01
   1.5500000000000000e-01
   1.6000000000000000e-01
   1.6500000000000001e-01
   1.7000000000000001e-01
   1.7499999999999999e-01
   1.7999999999999999e-01
   1.8500000000000000e-01
   1.9000000000000000e-01
   1.9500000000000001e-01
   2.0000000000000001e-01
   2.0499999999999999e-01
   2.0999999999999999e-01
   2.1500000000000000e-01
   2.2000000000000000e-01
   2.2500000000000001e-01
   2.3000000000000001e-01
   2.3499999999999999e-01
   2.3999999999999999e-01
   2.4500000000000000e-01
   2.5000000000000000e-01
   2.5500000000000000e-01
   2.6000000000000001e-01
   2.6500000000000001e-01
   2.7000000000000002e-01
   2.7500000000000002e-01
   2.8000000000000003e-01
   2.8499999999999998e-01
   2.8999999999999998e-01
   2.9499999999999998e-01
   2.9999999999999999e-01
   3.0499999999999999e-01
   3.1000000000000000e-01
   3.1500000000000000e-01
   3.2000000000000001e-01
   3.2500000000000001e-01
   3.3000000000000002e-01
   3.3500000000000002e-01
   3.4000000000000002e-01
   3.4499999999999997e-01
   3.4999999999999998e-01
   3.5499999999999998e-01
   3.5999999999999999e-01
   3.6499999999999999e-01
   3.7000000000000000e-01
   3.7500000000000000e-01
   3.8000000000000000e-01
   3.8500000000000001e-01
   3.9000000000000001e-01
   3.9500000000000002e-01
   4.0000000000000002e-01
   4.0500000000000003e-01
   4.0999999999999998e-01
   4.1499999999999998e-01
   4.1999999999999998e-01
   4.2499999999999999e-01
   4.2999999999999999e-01
   4.3500000000000000e-01
   4.4000000000000000e-01
   4.4500000000000001e-01
   4.5000000000000001e-01
   4.5500000000000002e-01
   4.6000000000000002e-01
   4.6500000000000002e-01
   4.6999999999999997e-01
   4.7499999999999998e-01
   4.7999999999999998e-01
   4.8499999999999999e-01
   4.8999999999999999e-01
   4.9500000000000000e-01
   5.0000000000000000e-01
   5.0500000000000000e-01
   5.1000000000000001e-01
   5.1500000000000001e-01
   5.2000000000000002e-01
   5.2500000000000002e-01
   5.3000000000000003e-01
   5.3500000000000003e-01
   5.4000000000000004e-01
   5.4500000000000004e-01
   5.5000000000000004e-01
   5.5500000000000005e-01
   5.6000000000000005e-01
   5.6499999999999995e-01
   5.6999999999999995e-01
   5.7499999999999996e-01
   5.7999999999999996e-01
   5.8499999999999996e-01
   5.8999999999999997e-01
   5.9499999999999997e-01
   5.9999999999999998e-01
   6.0499999999999998e-01
   6.0999999999999999e-01
   6.1499999999999999e-01
   6.2000000000000000e-01
   6.2500000000000000e-01
   6.3000000000000000e-01
   6.3500000000000001e-01
   6.4000000000000001e-01
   6.4500000000000002e-01
   6.5000000000000002e-01
   6.5500000000000003e-01
   6.6000000000000003e-01
   6.6500000000000004e-01
   6.7000000000000004e-01
   6.7500000000000004e-01
   6.8000000000000005e-01
   6.8500000000000005e-01
   6.8999999999999995e-01
   6.9499999999999995e-01
   6.9999999999999996e-01
   7.0499999999999996e-01
   7.0999999999999996e-01
   7.1499999999999997e-01
   7.1999999999999997e-01
   7.2499999999999998e-01
   7.2999999999999998e-01
   7.3499999999999999e-01
   7.3999999999999999e-01
   7.4500000000000000e-01
   7.5000000000000000e-01
   7.5500000000000000e-01
   7.6000000000000001e-01
   7.6500000000000001e-01
   7.7000000000000002e-01
   7.7500000000000002e-01
   7.8000000000000003e-01
   7.8500000000000003e-01
   7.9000000000000004e-01
   7.9500000000000004e-01
   8.0000000000000004e-01
   8.0500000000000005e-01
   8.1000000000000005e-01
   8.1499999999999995e-01
   8.1999999999999995e-01
   8.2499999999999996e-01
   8.2999999999999996e-01
   8.3499999999999996e-01
   8.3999999999999997e-01
   8.4499999999999997e-01
   8.4999999999999998e-01
   8.5499999999999998e-01
   8.5999999999999999e-01
   8.6499999999999999e-01
   8.7000000000000000e-01
   8.7500000000000000e-01
   8.8000000000000000e-01
   8.8500000000000001e-01
   8.9000000000000001e-01
   8.9500000000000002e-01
   9.0000000000000002e-01
   9.0500000000000003e-01
   9.1000000000000003e-01
   9.1500000000000004e-01
   9.2000000000000004e-01
   9.2500000000000004e-01
   9.3000000000000005e-01
   9.3500000000000005e-01
   9.3999999999999995e-01
   9.4499999999999995e-01
   9.4999999999999996e-01
   9.5499999999999996e-01
   9.5999999999999996e-01
   9.6499999999999997e-01
   9.6999999999999997e-01
   9.7499999999999998e-01
   9.7999999999999998e-01
   9.8499999999999999e-01
   9.8999999999999999e-01
   9.9500000000000000e-01
   1.0000000000000000e+00
  -2.1937621203956663e+00
  -2.1917014372472097e+00
  -2.1891894672083825e+00
  -2.1864537425911621e+00
  -2.1835966128517095e+00
  -2.1806166180460260e+00
  -2.1775210294164693e+00
  -2.1743109774507179e+00
  -2.1709879780727910e+00
  -2.1675529199727137e+00
  -2.1640066087249514e+00
  -2.1603497391012243e+00
  -2.1565829595824328e+00
  -2.1527068850567277e+00
  -2.1487221102233236e+00
  -2.1446292159339264e+00
  -2.1404287736291789e+00
  -2.1361213480726708e+00
  -2.1317074992169238e+00
  -2.1271877834667059e+00
  -2.1225627545653274e+00
  -2.1178329642287861e+00
  -2.1129989626067203e+00
  -2.1080612986234786e+00
  -2.1030205202319165e+00
  -2.0978771746088172e+00
  -2.0926318083039646e+00
  -2.0872849673556817e+00
  -2.0818371973827863e+00
  -2.0762890436569426e+00
  -2.0706410511603957e+00
  -2.0648937646317225e+00
  -2.0590477286054156e+00
  -2.0531034874425433e+00
  -2.0470615853544998e+00
  -2.0409225664268846e+00
  -2.0346869746355623e+00
  -2.0283553538613122e+00
  -2.0219282479032641e+00
  -2.0154062004885742e+00
  -2.0087897552818581e+00
  -2.0020794558925310e+00
  -1.9952758458817539e+00
  -1.9883794687675997e+00
  -1.9813908680300527e+00
  -1.9743105871159137e+00
  -1.9671391694412834e+00
  -1.9598771583954964e+00
  -1.9525250973440096e+00
  -1.9450835296303897e+00
  -1.9375529985789852e+00
  -1.9299340474964521e+00
  -1.9222272196734826e+00
  -1.9144330583863995e+00
  -1.9065521068988225e+00
  -1.8985849084621138e+00
  -1.8905320063168745e+00
  -1.8823939436941297e+00
  -1.8741712638156776e+00
  -1.8658645098951547e+00
  -1.8574742251384126e+00
  -1.8490009527448026e+00
  -1.8404452359071202e+00
  -1.8318076178119722e+00
  -1.8230886416409409e+00
  -1.8142888505706354e+00
  -1.8054087877727587e+00
  -1.7964489964148516e+00
  -1.7874100196607110e+00
  -1.7782924006701759e+00
  -1.7690966825998369e+00
  -1.7598234086029971e+00
  -1.7504731218301262e+00
  -1.7410463654290329e+00
  -1.7315436825446135e+00
  -1.7219656163197239e+00
  -1.7123127098948887e+00
  -1.7025855064084428e+00
  -1.6927845489968598e+00
  -1.6829103807948294e+00
  -1.6729635449351821e+00
  -1.6629445845492148e+00
  -1.6528540427668192e+00
  -1.6426924627162454e+00
  -1.6324603875245534e+00
  -1.6221583603175576e+00
  -1.6117869242198377e+00
  -1.6013466223547983e+00
  -1.5908379978449381e+00
  -1.5802615938116271e+00
  -1.5696179533753678e+00
  -1.5589076196558092e+00
  -1.5481311357716154e+00
  -1.5372890448408141e+00
  -1.5263818899806292e+00
  -1.5154102143075496e+00
  -1.5043745609373542e+00
  -1.4932754729852489e+00
  -1.4821134935659130e+00
  -1.4708891657932686e+00
  -1.4596030327807121e+00
  -1.4482556376412676e+00
  -1.4368475234873945e+00
  -1.4253792334309592e+00
  -1.4138513105835229e+00
  -1.4022642980562317e+00
  -1.3906187389597537e+00
  -1.3789151764043301e+00
  -1.3671541534998588e+00
  -1.3553362133560249e+00
  -1.3434618990820304e+00
  -1.3315317537867812e+00
  -1.3195463205788407e+00
  -1.3075061425665766e+00
  -1.2954117628580064e+00
  -1.2832637245608733e+00
  -1.2710625707827203e+00
  -1.2588088446307446e+00
  -1.2465030892120552e+00
  -1.2341458476334102e+00
  -1.2217376630013788e+00
  -1.2092790784223477e+00
  -1.1967706370024798e+00
  -1.1842128818477735e+00
  -1.1716063560640324e+00
  -1.1589516027569005e+00
  -1.1462491650317645e+00
  -1.1334995859940042e+00
  -1.1207034087486929e+00
  -1.1078611764008430e+00
  -1.0949734320553350e+00
  -1.0820407188167942e+00
  -1.0690635797898702e+00
  -1.0560425580789665e+00
  -1.0429781967883927e+00
  -1.0298710390223973e+00
  -1.0167216278850237e+00
  -1.0035305064802489e+00
  -9.9029821791197747e-01
  -9.7702530528395637e-01
  -9.6371231169985294e-01
  -9.5035978026324264e-01
  -9.3696825407758944e-01
  -9.2353827624630780e-01
  -9.1007038987271116e-01
  -8.9656513805998306e-01
  -8.8302306391129537e-01
  -8.6944471052971994e-01
  -8.5583062101824758e-01
  -8.4218133847978549e-01
  -8.2849740601716926e-01
  -8.1477936673320805e-01
  -8.0102776373062023e-01
  -7.8724314011203023e-01
  -7.7342603898006257e-01
  -7.5957700343724655e-01
  -7.4569657658603128e-01
  -7.3178530152885912e-01
  -7.1784372136810792e-01
  -7.0387237920607937e-01
  -6.8987181814503418e-01
  -6.7584258128720476e-01
  -6.6178521173474880e-01
  -6.4770025258978681e-01
  -6.3358824695440874e-01
  -6.1944973793065317e-01
  -6.0528526862049892e-01
  -5.9109538212591328e-01
  -5.7688062154881947e-01
  -5.6264152999106321e-01
  -5.4837865055455148e-01
  -5.3409252634085658e-01
  -5.1978370045261768e-01
  -5.0545271598835551e-01
  -4.9110011606169973e-01
  -4.7672644372982736e-01
  -4.6233224226046865e-01
  -4.4791805413537727e-01
  -4.3348442476942661e-01
  -4.1903188863079310e-01
  -4.0456102104128527e-01
  -3.9007224485463493e-01
  -3.7556655194305744e-01
  -3.6104281057280013e-01
  -3.4650781441527634e-01
  -3.3193877912716863e-01
  -3.1742330701871574e-01
  -3.0263703180047397e-01
  -2.8879307492809358e-01
  -2.7136657547638809e-01
  -2.7138555262313602e-01
  -3.0191694334687408e-01
  -3.2143657730245279e-01
  -3.1087213384731066e-01
  -2.7981392254309689e-01
  -2.3344414047722420e-01
  -1.7925790938289665e-01
  -1.2456297603005528e-01
  -7.6503052835540611e-02
  -4.1228161419730257e-02
  -2.4146654970714922e-02
   1.1913418990973015e+00
   1.1914562614949311e+00
   1.1917992715451557e+00
   1.1923706974715378e+00
   1.1931701518187277e+00
   1.1941970897111684e+00
   1.1954508064166032e+00
   1.1969304342157450e+00
   1.1986349385799786e+00
   1.2005631136594799e+00
   1.2027135770848001e+00
   1.2050847640856504e+00
   1.2076749209314945e+00
   1.2104820976994857e+00
   1.2135041403764069e+00
   1.2167386823025328e+00
   1.2201831349667362e+00
   1.2238346781638247e+00
   1.2276902495268553e+00
   1.2317465334492557e+00
   1.2359999494138156e+00
   1.2404466397481340e+00
   1.2450824568288628e+00
   1.2499029497601382e+00
   1.2549033505548948e+00
   1.2600785598513855e+00
   1.2654231322011431e+00
   1.2709312609688381e+00
   1.2765967628890729e+00
   1.2824130623299796e+00
   1.2883731753187400e+00
   1.2944696933896511e+00
   1.3006947673212284e+00
   1.3070400908350253e+00
   1.3134968843353376e+00
   1.3200558787757564e+00
   1.3267072997456124e+00
   1.3334408518767007e+00
   1.3402457036782387e+00
   1.3471104729157937e+00
   1.3540232126578557e+00
   1.3609713981217983e+00
   1.3679419144590748e+00
   1.3749210456276613e+00
   1.3818944645078106e+00
   1.3888472244251251e+00
   1.3957637522526900e+00
   1.4026278432714125e+00
   1.4094226579747133e+00
   1.4161307210101983e+00
   1.4227339224567979e+00
   1.4292135216409074e+00
   1.4355501536992601e+00
   1.4417238390993743e+00
   1.4477139963303580e+00
   1.4534994579774088e+00
   1.4590584903923962e+00
   1.4643688171702833e+00
   1.4694076466366170e+00
   1.4741517035447642e+00
   1.4785772651728386e+00
   1.4826602019990647e+00
   1.4863760231206589e+00
   1.4896999265648738e+00
   1.4926068546215532e+00
   1.4950715543042707e+00
   1.4970686430217184e+00
   1.4985726795123511e+00
   1.4995582400633889e+00
   1.5000000000000002e+00
   1.4998728203918559e+00
   1.4991518398822925e+00
   1.4978125715001056e+00
   1.4958310042656209e+00
   1.4931837093513352e+00
   1.4898479505032853e+00
   1.4858017983726910e+00
   1.4810242483486329e+00
   1.4754953414219860e+00
   1.4691962875490148e+00
   1.4621095909204445e+00
   1.4551036491306171e+00
   1.4480106770079977e+00
   1.4408306745525845e+00
   1.4335636417643789e+00
   1.4262095786433799e+00
   1.4187684851895883e+00
   1.4112403614030040e+00
   1.4036252072836266e+00
   1.3959230228314568e+00
   1.3881338080464936e+00
   1.3802575629287375e+00
   1.3722942874781885e+00
   1.3642439816948468e+00
   1.3561066455787125e+00
   1.3478822791297851e+00
   1.3395708823480645e+00
   1.3311724552335509e+00
   1.3226869977862450e+00
   1.3141145100061458e+00
   1.3054549918932541e+00
   1.2967084434475691e+00
   1.2878748646690914e+00
   1.2789542555578208e+00
   1.2699466161137576e+00
   1.2608519463369012e+00
   1.2516702462272520e+00
   1.2424015157848098e+00
   1.2330457550095748e+00
   1.2236029639015469e+00
   1.2140731424607263e+00
   1.2044562906871126e+00
   1.1947524085807060e+00
   1.1849614961415069e+00
   1.1750835533695148e+00
   1.1651185802647293e+00
   1.1550665768271513e+00
   1.1449275430567802e+00
   1.1347014789536165e+00
   1.1243883845176597e+00
   1.1139882597489104e+00
   1.1035011046473675e+00
   1.0929269192130324e+00
   1.0822657034459040e+00
   1.0715174573459827e+00
   1.0606821809132689e+00
   1.0497598741477618e+00
   1.0387505370494625e+00
   1.0276541696183694e+00
   1.0164707718544841e+00
   1.0052003437578054e+00
   9.9384288532833420e-01
   9.8239839656606998e-01
   9.7086687747101297e-01
   9.5924832804316307e-01
   9.4754274828252005e-01
   9.3575013818908426e-01
   9.2387049776285590e-01
   9.1190382700383443e-01
   8.9985012591202029e-01
   8.8770939448741282e-01
   8.7548163273001278e-01
   8.6316684063981963e-01
   8.5076501821683381e-01
   8.3827616546105499e-01
   8.2570028237248316e-01
   8.1303736895111867e-01
   8.0028742519696128e-01
   7.8745045111001089e-01
   7.7452644669026771e-01
   7.6151541193773165e-01
   7.4841734685240247e-01
   7.3523225143428073e-01
   7.2196012568336587e-01
   7.0860096959965835e-01
   6.9515478318315771e-01
   6.8162156643386429e-01
   6.6800131935177809e-01
   6.5429404193689877e-01
   6.4049973418922679e-01
   6.2661839610876169e-01
   6.1265002769550403e-01
   5.9859462894945314e-01
   5.8445219987060992e-01
   5.7022274045897348e-01
   5.5590625071454425e-01
   5.4150273063732191e-01
   5.2701218022730667e-01
   5.1243459948449877e-01
   4.9776998840889791e-01
   4.8301834700050417e-01
   4.6817967525931747e-01
   4.5325397318533800e-01
   4.3824124077856530e-01
   4.2314147803900004e-01
   4.0795468496664189e-01
   3.9268086156149090e-01
   3.7732000782354680e-01
   3.6187212375280992e-01
   3.4633720934928031e-01
   3.3071526461295764e-01
   3.1500628954384219e-01
   2.9921028414193374e-01
   2.8332724840723239e-01
   2.6735718233973832e-01
   2.5130008593945125e-01
   2.3515595920637133e-01
   2.1892480214049845e-01
   2.0260661474183314e-01
   1.8620139701037455e-01
   1.6970914894612307e-01
   1.5312987054907876e-01
   1.3646356181924152e-01
   1.1971022275661147e-01
   1.0286985336118848e-01
   8.5942453632972662e-02
   6.8928023571963939e-02
   5.1826563178162179e-02
   3.4638072451567727e-02
   1.7362551392180202e-02
   0.0000000000000000e+00
